64 / 6464
128 / 6464
192 / 6464
256 / 6464
320 / 6464
384 / 6464
448 / 6464
512 / 6464
576 / 6464
640 / 6464
704 / 6464
768 / 6464
832 / 6464
896 / 6464
960 / 6464
1024 / 6464
1088 / 6464
1152 / 6464
1216 / 6464
1280 / 6464
1344 / 6464
1408 / 6464
1472 / 6464
1536 / 6464
1600 / 6464
1664 / 6464
1728 / 6464
1792 / 6464
1856 / 6464
1920 / 6464
1984 / 6464
2048 / 6464
2112 / 6464
2176 / 6464
2240 / 6464
2304 / 6464
2368 / 6464
2432 / 6464
2496 / 6464
2560 / 6464
2624 / 6464
2688 / 6464
2752 / 6464
2816 / 6464
2880 / 6464
2944 / 6464
3008 / 6464
3072 / 6464
3136 / 6464
3200 / 6464
3264 / 6464
3328 / 6464
3392 / 6464
3456 / 6464
3520 / 6464
3584 / 6464
3648 / 6464
3712 / 6464
3776 / 6464
3840 / 6464
3904 / 6464
3968 / 6464
4032 / 6464
4096 / 6464
4160 / 6464
4224 / 6464
4288 / 6464
4352 / 6464
4416 / 6464
4480 / 6464
4544 / 6464
4608 / 6464
4672 / 6464
4736 / 6464
4800 / 6464
4864 / 6464
4928 / 6464
4992 / 6464
5056 / 6464
5120 / 6464
5184 / 6464
5248 / 6464
5312 / 6464
5376 / 6464
5440 / 6464
5504 / 6464
5568 / 6464
5632 / 6464
5696 / 6464
5760 / 6464
5824 / 6464
5888 / 6464
5952 / 6464
6016 / 6464
6080 / 6464
6144 / 6464
6208 / 6464
6272 / 6464
6336 / 6464
6400 / 6464
6464 / 6464
DATA COMPLETE
